Using gromos method for clustering
Using RMSD cutoff 0.2 nm
The RMSD ranges from 0.0234638 to 0.297575 nm
Average RMSD is 0.118144
Number of structures for matrix 201
Energy of the matrix is 0.996624.

Found 1 clusters

Writing middle structure for each cluster to representative_DDSt15.pdb

cl. | #st  rmsd | middle rmsd | cluster members
  1 | 201  0.118 |  38200 .091 |  30000  30100  30200  30300  30400  30500  30600
    |           |             |  30700  30800  30900  31000  31100  31200  31300
    |           |             |  31400  31500  31600  31700  31800  31900  32000
    |           |             |  32100  32200  32300  32400  32500  32600  32700
    |           |             |  32800  32900  33000  33100  33200  33300  33400
    |           |             |  33500  33600  33700  33800  33900  34000  34100
    |           |             |  34200  34300  34400  34500  34600  34700  34800
    |           |             |  34900  35000  35100  35200  35300  35400  35500
    |           |             |  35600  35700  35800  35900  36000  36100  36200
    |           |             |  36300  36400  36500  36600  36700  36800  36900
    |           |             |  37000  37100  37200  37300  37400  37500  37600
    |           |             |  37700  37800  37900  38000  38100  38200  38300
    |           |             |  38400  38500  38600  38700  38800  38900  39000
    |           |             |  39100  39200  39300  39400  39500  39600  39700
    |           |             |  39800  39900  40000  40100  40200  40300  40400
    |           |             |  40500  40600  40700  40800  40900  41000  41100
    |           |             |  41200  41300  41400  41500  41600  41700  41800
    |           |             |  41900  42000  42100  42200  42300  42400  42500
    |           |             |  42600  42700  42800  42900  43000  43100  43200
    |           |             |  43300  43400  43500  43600  43700  43800  43900
    |           |             |  44000  44100  44200  44300  44400  44500  44600
    |           |             |  44700  44800  44900  45000  45100  45200  45300
    |           |             |  45400  45500  45600  45700  45800  45900  46000
    |           |             |  46100  46200  46300  46400  46500  46600  46700
    |           |             |  46800  46900  47000  47100  47200  47300  47400
    |           |             |  47500  47600  47700  47800  47900  48000  48100
    |           |             |  48200  48300  48400  48500  48600  48700  48800
    |           |             |  48900  49000  49100  49200  49300  49400  49500
    |           |             |  49600  49700  49800  49900  50000
